2026-09-02 22:21:30 python 3.12.4 | packaged by Anaconda, Inc. | (main, Jun 18 2024, 15:03:56) [MSC v.1929 64 bit (AMD64)]
2026-09-02 22:21:30 exists <author-dir>\リポジトリ\audit_kit_G2_v5\audit_kit\scripts\gudid_lookup.py
2026-09-02 22:21:30 exists <author-dir>\out\gudid\udi_di_list_with_counts.csv
2026-09-02 22:21:32 API reachability check: HTTP 200
2026-09-02 22:21:32 RUN ['<author-dir>\\リポジトリ\\audit_kit_G2_v5\\audit_kit\\scripts\\gudid_lookup.py', 'udi_di_list_with_counts.csv', 'gudid_lookup_results.csv'] cwd= <author-dir>\out\gudid
03573026359119 Y 200 DEN130013 lotBatch=False
00853341006015 Y 200 K161772 lotBatch=True
00869770000210 Y 200  lotBatch=False
00884838105508 Y 200  lotBatch=False
00853341006060 Y 200 K213857 lotBatch=True
00887517990792 Y 200 K180038 lotBatch=True
00690103200942 Y 200 K152980 lotBatch=True
00842000100805 Y 200 K192455 lotBatch=True
00853341006039 Y 200 K190925 lotBatch=True
00888867265813 Y 200  lotBatch=True
04056869006697 Y 200 K111242;K132951;K133435;K140253;K141977;K142515;K153343;K163312;K173592;K182299;K190138;K191050;K202014;K231560 lotBatch=False
04056869230740 Y 200  lotBatch=False
07290017652085 Y 200  lotBatch=False
00814932020001 Y 200  lotBatch=True
00850043907046 Y 200 K202527;K222389 lotBatch=False
00856128007007 Y 200 K171056 lotBatch=True
00884838104112 Y 200  lotBatch=False
04056869230719 Y 200  lotBatch=False
50690103200947 Y 200 K152980 lotBatch=True
00183739000678 Y 200  lotBatch=False
00842000100409 Y 200 K082144 lotBatch=True
00842000100737 Y 200  lotBatch=True
00842000100935 Y 200  lotBatch=True
00853341006053 Y 200 K203329 lotBatch=True
00859509006019 Y 200  lotBatch=False
00859591006065 Y 200 K153479 lotBatch=True
00862011000369 Y 200 DEN160032 lotBatch=True
00887517994127 Y 200 K180038 lotBatch=True
04056481132422 Y 200 K092467;K213989;K223288 lotBatch=True
04056869006659 Y 200 K130885;K151579;K162102;K181613;K190757;K232494 lotBatch=False
04056869006710 Y 200 K130885;K140253;K141977;K142515;K151579;K162102;K173592;K232494 lotBatch=False
04056869039176 Y 200  lotBatch=False
04056869044538 Y 200  lotBatch=False
04056869245188 Y 200  lotBatch=False
04056869297330 N 404  lotBatch=
07290017652108 Y 200 K172955 lotBatch=True
07350002010310 Y 200  lotBatch=False
09353278000113 Y 200 K181574 lotBatch=False
15099590192242 Y 200  lotBatch=False

resolved 38/39 DIs (covering 445 reports); with submission number 21/39; source-study match 11/39
2026-09-02 22:22:17 EXIT rc= 0 elapsed=45.3s
2026-09-02 22:22:17 DONE rc= 0
